Finished tracing log for jit in 0.001147270 sec
Compiling jit(log) with global shapes and types (ShapedArray(float64[], weak_type=True),). Argument mapping: (UnspecifiedValue,).
Finished jaxpr to MLIR module conversion jit(log) in 0.033066273 sec
Finished XLA compilation of jit(log) in 0.048703194 sec
Finished tracing convert_element_type for jit in 0.000550985 sec
Compiling jit(convert_element_type) with global shapes and types (ShapedArray(float64[]),). Argument mapping: (UnspecifiedValue,).
Finished jaxpr to MLIR module conversion jit(convert_element_type) in 0.016658545 sec
Finished XLA compilation of jit(convert_element_type) in 0.015050650 sec
Finished tracing broadcast_in_dim for jit in 0.002653599 sec
Compiling jit(broadcast_in_dim) with global shapes and types (ShapedArray(float64[]),). Argument mapping: (UnspecifiedValue,).
Finished jaxpr to MLIR module conversion jit(broadcast_in_dim) in 0.005242109 sec
Finished XLA compilation of jit(broadcast_in_dim) in 0.043506861 sec
Finished tracing <lambda> for jit in 0.250886440 sec
Compiling jit(<lambda>) with global shapes and types (ShapedArray(float64[11,5616]), ShapedArray(float64[5616]), ShapedArray(float64[5616])). Argument mapping: (UnspecifiedValue, UnspecifiedValue, UnspecifiedValue).
Finished jaxpr to MLIR module conversion jit(<lambda>) in 0.084774971 sec
Finished XLA compilation of jit(<lambda>) in 0.298555136 sec
Finished tracing <lambda> for jit in 0.095396757 sec
Compiling jit(<lambda>) with global shapes and types (ShapedArray(float64[11,5616]), ShapedArray(float64[5616]), ShapedArray(float64[5616])). Argument mapping: (UnspecifiedValue, UnspecifiedValue, UnspecifiedValue).
Finished jaxpr to MLIR module conversion jit(<lambda>) in 0.071413040 sec
Finished XLA compilation of jit(<lambda>) in 0.301215172 sec
Finished tracing stage for jit in 0.000302792 sec
Compiling jit(stage) with global shapes and types (ShapedArray(int64[]),). Argument mapping: (UnspecifiedValue,).
Finished jaxpr to MLIR module conversion jit(stage) in 0.003920317 sec
Finished XLA compilation of jit(stage) in 0.013150215 sec
Finished tracing _threefry_seed for jit in 0.003814459 sec
Compiling jit(_threefry_seed) with global shapes and types (ShapedArray(int64[]),). Argument mapping: (UnspecifiedValue,).
Finished jaxpr to MLIR module conversion jit(_threefry_seed) in 0.007152796 sec
Finished XLA compilation of jit(_threefry_seed) in 0.033647060 sec
Finished tracing _threefry_split for jit in 0.003437996 sec
Compiling jit(_threefry_split) with global shapes and types (ShapedArray(uint32[2]),). Argument mapping: (UnspecifiedValue,).
Finished jaxpr to MLIR module conversion jit(_threefry_split) in 0.034911156 sec
Finished XLA compilation of jit(_threefry_split) in 0.096861362 sec
Finished tracing unstack for jit in 0.000682116 sec
Compiling jit(unstack) with global shapes and types (ShapedArray(uint32[2,2]),). Argument mapping: (UnspecifiedValue,).
Finished jaxpr to MLIR module conversion jit(unstack) in 0.005726576 sec
Finished XLA compilation of jit(unstack) in 0.034085512 sec
Finished tracing transpose for jit in 0.000528574 sec
Compiling jit(transpose) with global shapes and types (ShapedArray(float64[11,5616]),). Argument mapping: (UnspecifiedValue,).
Finished jaxpr to MLIR module conversion jit(transpose) in 0.004602671 sec
Finished XLA compilation of jit(transpose) in 0.066983700 sec
Finished tracing transpose for jit in 0.001124859 sec
Compiling jit(transpose) with global shapes and types (ShapedArray(float64[5616,11]),). Argument mapping: (UnspecifiedValue,).
Finished jaxpr to MLIR module conversion jit(transpose) in 0.007776499 sec
Finished XLA compilation of jit(transpose) in 0.081114054 sec
Finished tracing matmul for jit in 0.001366615 sec
Compiling jit(matmul) with global shapes and types (ShapedArray(float64[11,5616]), ShapedArray(float64[5616,11])). Argument mapping: (UnspecifiedValue, UnspecifiedValue).
Finished jaxpr to MLIR module conversion jit(matmul) in 0.007584810 sec
Finished XLA compilation of jit(matmul) in 0.014066219 sec
Finished tracing matmul for jit in 0.001214981 sec
Compiling jit(matmul) with global shapes and types (ShapedArray(float64[11,5616]), ShapedArray(float64[5616])). Argument mapping: (UnspecifiedValue, UnspecifiedValue).
Finished jaxpr to MLIR module conversion jit(matmul) in 0.004969358 sec
Finished XLA compilation of jit(matmul) in 0.038815737 sec
Finished tracing _cholesky for jit in 0.003196955 sec
Compiling jit(_cholesky) with global shapes and types (ShapedArray(float64[11,11]),). Argument mapping: (UnspecifiedValue,).
Finished jaxpr to MLIR module conversion jit(_cholesky) in 0.008104563 sec
Finished XLA compilation of jit(_cholesky) in 0.075205088 sec
Finished tracing _cho_solve for jit in 0.006526470 sec
Compiling jit(_cho_solve) with global shapes and types (ShapedArray(float64[11,11]), ShapedArray(float64[11])). Argument mapping: (UnspecifiedValue, UnspecifiedValue).
Finished jaxpr to MLIR module conversion jit(_cho_solve) in 0.006496906 sec
Finished XLA compilation of jit(_cho_solve) in 0.089926243 sec
Finished tracing matmul for jit in 0.002395391 sec
Compiling jit(matmul) with global shapes and types (ShapedArray(float64[5616,11]), ShapedArray(float64[11])). Argument mapping: (UnspecifiedValue, UnspecifiedValue).
Finished jaxpr to MLIR module conversion jit(matmul) in 0.009203434 sec
Finished XLA compilation of jit(matmul) in 0.052110672 sec
Compiling jit(subtract) with global shapes and types (ShapedArray(float64[5616]), ShapedArray(float64[5616])). Argument mapping: (UnspecifiedValue, UnspecifiedValue).
Finished jaxpr to MLIR module conversion jit(subtract) in 0.009066343 sec
Finished XLA compilation of jit(subtract) in 0.041357279 sec
Compiling jit(dot) with global shapes and types (ShapedArray(float64[5616]), ShapedArray(float64[5616])). Argument mapping: (UnspecifiedValue, UnspecifiedValue).
Finished jaxpr to MLIR module conversion jit(dot) in 0.005138159 sec
Finished XLA compilation of jit(dot) in 0.014124870 sec
Finished tracing true_divide for jit in 0.000873327 sec
Compiling jit(true_divide) with global shapes and types (ShapedArray(float64[]), ShapedArray(float64[], weak_type=True)). Argument mapping: (UnspecifiedValue, UnspecifiedValue).
Finished jaxpr to MLIR module conversion jit(true_divide) in 0.006722450 sec
Finished XLA compilation of jit(true_divide) in 0.035972834 sec
Finished tracing _gamma for jit in 0.002142191 sec
Compiling jit(_gamma) with global shapes and types (ShapedArray(key<fry>[]), ShapedArray(float64[], weak_type=True)). Argument mapping: (UnspecifiedValue, UnspecifiedValue).
Finished jaxpr to MLIR module conversion jit(_gamma) in 0.223194599 sec
Finished XLA compilation of jit(_gamma) in 0.657652378 sec
Finished tracing true_divide for jit in 0.001680136 sec
Compiling jit(true_divide) with global shapes and types (ShapedArray(float64[]), ShapedArray(float64[100000])). Argument mapping: (UnspecifiedValue, UnspecifiedValue).
Finished jaxpr to MLIR module conversion jit(true_divide) in 0.008790016 sec
Finished XLA compilation of jit(true_divide) in 0.038587093 sec
Finished tracing sqrt for jit in 0.000584126 sec
Compiling jit(sqrt) with global shapes and types (ShapedArray(float64[100000]),). Argument mapping: (UnspecifiedValue,).
Finished jaxpr to MLIR module conversion jit(sqrt) in 0.004503727 sec
Finished XLA compilation of jit(sqrt) in 0.043026686 sec
Finished tracing _normal for jit in 0.015628815 sec
Compiling jit(_normal) with global shapes and types (ShapedArray(key<fry>[]),). Argument mapping: (UnspecifiedValue,).
Finished jaxpr to MLIR module conversion jit(_normal) in 0.035300732 sec
Finished XLA compilation of jit(_normal) in 0.771432638 sec
Finished tracing transpose for jit in 0.001093388 sec
Compiling jit(transpose) with global shapes and types (ShapedArray(float64[11,11]),). Argument mapping: (UnspecifiedValue,).
Finished jaxpr to MLIR module conversion jit(transpose) in 0.007372379 sec
Finished XLA compilation of jit(transpose) in 0.066567421 sec
Finished tracing transpose for jit in 0.000515938 sec
Compiling jit(transpose) with global shapes and types (ShapedArray(float64[100000,11]),). Argument mapping: (UnspecifiedValue,).
Finished jaxpr to MLIR module conversion jit(transpose) in 0.004578114 sec
Finished XLA compilation of jit(transpose) in 0.078473806 sec
Finished tracing _solve_triangular for jit in 0.004501820 sec
Compiling jit(_solve_triangular) with global shapes and types (ShapedArray(float64[11,11]), ShapedArray(float64[11,100000])). Argument mapping: (UnspecifiedValue, UnspecifiedValue).
Finished jaxpr to MLIR module conversion jit(_solve_triangular) in 0.006447077 sec
Finished XLA compilation of jit(_solve_triangular) in 0.107557535 sec
Finished tracing transpose for jit in 0.000516891 sec
Compiling jit(transpose) with global shapes and types (ShapedArray(float64[11,100000]),). Argument mapping: (UnspecifiedValue,).
Finished jaxpr to MLIR module conversion jit(transpose) in 0.013029814 sec
Finished XLA compilation of jit(transpose) in 0.105936527 sec
Finished tracing broadcast_in_dim for jit in 0.000700235 sec
Compiling jit(broadcast_in_dim) with global shapes and types (ShapedArray(float64[11]),). Argument mapping: (UnspecifiedValue,).
Finished jaxpr to MLIR module conversion jit(broadcast_in_dim) in 0.004521847 sec
Finished XLA compilation of jit(broadcast_in_dim) in 0.009267092 sec
Finished tracing broadcast_in_dim for jit in 0.000510931 sec
Compiling jit(broadcast_in_dim) with global shapes and types (ShapedArray(float64[100000]),). Argument mapping: (UnspecifiedValue,).
Finished jaxpr to MLIR module conversion jit(broadcast_in_dim) in 0.003647566 sec
Finished XLA compilation of jit(broadcast_in_dim) in 0.008603096 sec
Finished tracing multiply for jit in 0.000722408 sec
Compiling jit(multiply) with global shapes and types (ShapedArray(float64[100000,1]), ShapedArray(float64[100000,11])). Argument mapping: (UnspecifiedValue, UnspecifiedValue).
Finished jaxpr to MLIR module conversion jit(multiply) in 0.004840374 sec
Finished XLA compilation of jit(multiply) in 0.038684845 sec
Finished tracing add for jit in 0.000722647 sec
Compiling jit(add) with global shapes and types (ShapedArray(float64[1,11]), ShapedArray(float64[100000,11])). Argument mapping: (UnspecifiedValue, UnspecifiedValue).
Finished jaxpr to MLIR module conversion jit(add) in 0.004177570 sec
Finished XLA compilation of jit(add) in 0.050442457 sec
Finished tracing concatenate for jit in 0.000860453 sec
Compiling jit(concatenate) with global shapes and types (ShapedArray(float64[100000,11]), ShapedArray(float64[100000,1])). Argument mapping: (UnspecifiedValue, UnspecifiedValue).
Finished jaxpr to MLIR module conversion jit(concatenate) in 0.005154610 sec
Finished XLA compilation of jit(concatenate) in 0.027096748 sec
Finished tracing stage for jit in 0.000298977 sec
Compiling jit(stage) with global shapes and types (ShapedArray(float64[12]),). Argument mapping: (UnspecifiedValue,).
Finished jaxpr to MLIR module conversion jit(stage) in 0.003622293 sec
Finished XLA compilation of jit(stage) in 0.012316227 sec
Finished tracing dynamic_slice for jit in 0.000486135 sec
Compiling jit(dynamic_slice) with global shapes and types (ShapedArray(float64[12]), ShapedArray(int64[], weak_type=True)). Argument mapping: (UnspecifiedValue, UnspecifiedValue).
Finished jaxpr to MLIR module conversion jit(dynamic_slice) in 0.003984213 sec
Finished XLA compilation of jit(dynamic_slice) in 0.032747507 sec
Finished tracing broadcast_in_dim for jit in 0.000811338 sec
Compiling jit(broadcast_in_dim) with global shapes and types (ShapedArray(float64[]),). Argument mapping: (UnspecifiedValue,).
Finished jaxpr to MLIR module conversion jit(broadcast_in_dim) in 0.005267382 sec
Finished XLA compilation of jit(broadcast_in_dim) in 0.034769535 sec
Finished tracing dynamic_slice for jit in 0.000510216 sec
Compiling jit(dynamic_slice) with global shapes and types (ShapedArray(float64[12]), ShapedArray(int64[], weak_type=True)). Argument mapping: (UnspecifiedValue, UnspecifiedValue).
Finished jaxpr to MLIR module conversion jit(dynamic_slice) in 0.004059553 sec
Finished XLA compilation of jit(dynamic_slice) in 0.036894798 sec
Finished tracing squeeze for jit in 0.000730991 sec
Compiling jit(squeeze) with global shapes and types (ShapedArray(float64[1]),). Argument mapping: (UnspecifiedValue,).
Finished jaxpr to MLIR module conversion jit(squeeze) in 0.006786346 sec
Finished XLA compilation of jit(squeeze) in 0.015217781 sec
Finished tracing stage for jit in 0.000284910 sec
Compiling jit(stage) with global shapes and types (ShapedArray(float64[5616]),). Argument mapping: (UnspecifiedValue,).
Finished jaxpr to MLIR module conversion jit(stage) in 0.003682852 sec
Finished XLA compilation of jit(stage) in 0.009576797 sec
Finished tracing stage for jit in 0.000443697 sec
Compiling jit(stage) with global shapes and types (ShapedArray(float64[11,5616]),). Argument mapping: (UnspecifiedValue,).
Finished jaxpr to MLIR module conversion jit(stage) in 0.003677845 sec
Finished XLA compilation of jit(stage) in 0.009960175 sec
Finished tracing stage for jit in 0.000265837 sec
Compiling jit(stage) with global shapes and types (ShapedArray(float64[11]),). Argument mapping: (UnspecifiedValue,).
Finished jaxpr to MLIR module conversion jit(stage) in 0.004303694 sec
Finished XLA compilation of jit(stage) in 0.007455111 sec
Finished tracing _einsum for jit in 0.001330853 sec
Compiling jit(_einsum) with global shapes and types (ShapedArray(float64[11]), ShapedArray(float64[11,5616])). Argument mapping: (UnspecifiedValue, UnspecifiedValue).
Finished jaxpr to MLIR module conversion jit(_einsum) in 0.004305840 sec
Finished XLA compilation of jit(_einsum) in 0.032082081 sec
Finished tracing add for jit in 0.000950098 sec
Compiling jit(add) with global shapes and types (ShapedArray(float64[], weak_type=True), ShapedArray(float64[5616])). Argument mapping: (UnspecifiedValue, UnspecifiedValue).
Finished jaxpr to MLIR module conversion jit(add) in 0.005213976 sec
Finished XLA compilation of jit(add) in 0.031891584 sec
Finished tracing true_divide for jit in 0.000714302 sec
Compiling jit(true_divide) with global shapes and types (ShapedArray(float64[5616]), ShapedArray(float64[5616])). Argument mapping: (UnspecifiedValue, UnspecifiedValue).
Finished jaxpr to MLIR module conversion jit(true_divide) in 0.004027128 sec
Finished XLA compilation of jit(true_divide) in 0.048350334 sec
Finished tracing _threefry_split for jit in 0.003161192 sec
Compiling jit(_threefry_split) with global shapes and types (ShapedArray(uint32[2]),). Argument mapping: (UnspecifiedValue,).
Finished jaxpr to MLIR module conversion jit(_threefry_split) in 0.031342030 sec
Finished XLA compilation of jit(_threefry_split) in 0.097411394 sec
Finished tracing run for jit in 2.243647575 sec
Compiling jit(run) with global shapes and types (ShapedArray(uint32[4,2]), ShapedArray(float64[4,23]), ShapedArray(float64[5616]), ShapedArray(float64[11,5616])). Argument mapping: (UnspecifiedValue, UnspecifiedValue, UnspecifiedValue, UnspecifiedValue).
Finished jaxpr to MLIR module conversion jit(run) in 0.412102461 sec
Finished XLA compilation of jit(run) in 1.881930113 sec
Finished tracing _mean for jit in 0.006971121 sec
Compiling jit(_mean) with global shapes and types (ShapedArray(float64[4,500,23]),). Argument mapping: (UnspecifiedValue,).
Finished jaxpr to MLIR module conversion jit(_mean) in 0.006615877 sec
Finished XLA compilation of jit(_mean) in 0.049310207 sec
Finished tracing subtract for jit in 0.001284599 sec
Compiling jit(subtract) with global shapes and types (ShapedArray(float64[4,500,23]), ShapedArray(float64[4,1,23])). Argument mapping: (UnspecifiedValue, UnspecifiedValue).
Finished jaxpr to MLIR module conversion jit(subtract) in 0.004626274 sec
Finished XLA compilation of jit(subtract) in 0.055868864 sec
Finished tracing _moveaxis for jit in 0.000751257 sec
Compiling jit(_moveaxis) with global shapes and types (ShapedArray(float64[4,500,23]),). Argument mapping: (UnspecifiedValue,).
Finished jaxpr to MLIR module conversion jit(_moveaxis) in 0.005249739 sec
Finished XLA compilation of jit(_moveaxis) in 0.096905231 sec
Finished tracing _pad for jit in 0.003453016 sec
Compiling jit(_pad) with global shapes and types (ShapedArray(float64[4,23,500]), ShapedArray(int64[], weak_type=True)). Argument mapping: (UnspecifiedValue, UnspecifiedValue).
Finished jaxpr to MLIR module conversion jit(_pad) in 0.007613659 sec
Finished XLA compilation of jit(_pad) in 0.046554327 sec
Finished tracing fft for jit in 0.000909567 sec
Compiling jit(fft) with global shapes and types (ShapedArray(float64[4,23,1000]),). Argument mapping: (UnspecifiedValue,).
Finished jaxpr to MLIR module conversion jit(fft) in 0.006272078 sec
Finished XLA compilation of jit(fft) in 0.012411118 sec
Finished tracing _moveaxis for jit in 0.000733376 sec
Compiling jit(_moveaxis) with global shapes and types (ShapedArray(complex128[4,23,501]),). Argument mapping: (UnspecifiedValue,).
Finished jaxpr to MLIR module conversion jit(_moveaxis) in 0.005223751 sec
Finished XLA compilation of jit(_moveaxis) in 0.060588837 sec
Finished tracing conjugate for jit in 0.001378536 sec
Compiling jit(conjugate) with global shapes and types (ShapedArray(complex128[4,501,23]),). Argument mapping: (UnspecifiedValue,).
Finished jaxpr to MLIR module conversion jit(conjugate) in 0.011438608 sec
Finished XLA compilation of jit(conjugate) in 0.072608232 sec
Finished tracing multiply for jit in 0.001268625 sec
Compiling jit(multiply) with global shapes and types (ShapedArray(complex128[4,501,23]), ShapedArray(complex128[4,501,23])). Argument mapping: (UnspecifiedValue, UnspecifiedValue).
Finished jaxpr to MLIR module conversion jit(multiply) in 0.006989241 sec
Finished XLA compilation of jit(multiply) in 0.047807693 sec
Finished tracing _moveaxis for jit in 0.001378775 sec
Compiling jit(_moveaxis) with global shapes and types (ShapedArray(complex128[4,501,23]),). Argument mapping: (UnspecifiedValue,).
Finished jaxpr to MLIR module conversion jit(_moveaxis) in 0.007431030 sec
Finished XLA compilation of jit(_moveaxis) in 0.042572498 sec
Finished tracing _pad for jit in 0.001484156 sec
Compiling jit(_pad) with global shapes and types (ShapedArray(complex128[4,23,501]), ShapedArray(int64[], weak_type=True)). Argument mapping: (UnspecifiedValue, UnspecifiedValue).
Finished jaxpr to MLIR module conversion jit(_pad) in 0.007802248 sec
Finished XLA compilation of jit(_pad) in 0.013648510 sec
Finished tracing fft for jit in 0.000966311 sec
Compiling jit(fft) with global shapes and types (ShapedArray(complex128[4,23,501]),). Argument mapping: (UnspecifiedValue,).
Finished jaxpr to MLIR module conversion jit(fft) in 0.005911589 sec
Finished XLA compilation of jit(fft) in 0.008591890 sec
Finished tracing _moveaxis for jit in 0.000635386 sec
Compiling jit(_moveaxis) with global shapes and types (ShapedArray(float64[4,23,1000]),). Argument mapping: (UnspecifiedValue,).
Finished jaxpr to MLIR module conversion jit(_moveaxis) in 0.005099535 sec
Finished XLA compilation of jit(_moveaxis) in 0.089595318 sec
Finished tracing iota for jit in 0.000798702 sec
Compiling jit(iota) with global shapes and types (). Argument mapping: ().
Finished jaxpr to MLIR module conversion jit(iota) in 0.007440329 sec
Finished XLA compilation of jit(iota) in 0.041545868 sec
Finished tracing _take for jit in 0.007939816 sec
Compiling jit(_take) with global shapes and types (ShapedArray(float64[4,1000,23]), ShapedArray(int64[500])). Argument mapping: (UnspecifiedValue, UnspecifiedValue).
Finished jaxpr to MLIR module conversion jit(_take) in 0.015414715 sec
Finished XLA compilation of jit(_take) in 0.067931414 sec
Finished tracing true_divide for jit in 0.001783848 sec
Compiling jit(true_divide) with global shapes and types (ShapedArray(float64[4,500,23]), ShapedArray(int64[], weak_type=True)). Argument mapping: (UnspecifiedValue, UnspecifiedValue).
Finished jaxpr to MLIR module conversion jit(true_divide) in 0.007565498 sec
Finished XLA compilation of jit(true_divide) in 0.055424452 sec
Finished tracing _mean for jit in 0.003763199 sec
Compiling jit(_mean) with global shapes and types (ShapedArray(float64[4,500,23]),). Argument mapping: (UnspecifiedValue,).
Finished jaxpr to MLIR module conversion jit(_mean) in 0.007634163 sec
Finished XLA compilation of jit(_mean) in 0.011091709 sec
Finished tracing convert_element_type for jit in 0.000567436 sec
Compiling jit(convert_element_type) with global shapes and types (ShapedArray(int64[1]),). Argument mapping: (UnspecifiedValue,).
Finished jaxpr to MLIR module conversion jit(convert_element_type) in 0.005106449 sec
Finished XLA compilation of jit(convert_element_type) in 0.008459806 sec
Finished tracing _take for jit in 0.005643845 sec
Compiling jit(_take) with global shapes and types (ShapedArray(float64[1,500,23]), ShapedArray(int64[1])). Argument mapping: (UnspecifiedValue, UnspecifiedValue).
Finished jaxpr to MLIR module conversion jit(_take) in 0.015908480 sec
Finished XLA compilation of jit(_take) in 0.039309740 sec
Finished tracing multiply for jit in 0.002073765 sec
Compiling jit(multiply) with global shapes and types (ShapedArray(float64[1,1,23]), ShapedArray(int64[], weak_type=True)). Argument mapping: (UnspecifiedValue, UnspecifiedValue).
Finished jaxpr to MLIR module conversion jit(multiply) in 0.007573605 sec
Finished XLA compilation of jit(multiply) in 0.038488865 sec
Finished tracing true_divide for jit in 0.001467228 sec
Compiling jit(true_divide) with global shapes and types (ShapedArray(float64[1,1,23]), ShapedArray(float64[], weak_type=True)). Argument mapping: (UnspecifiedValue, UnspecifiedValue).
Finished jaxpr to MLIR module conversion jit(true_divide) in 0.008147001 sec
Finished XLA compilation of jit(true_divide) in 0.046345949 sec
Finished tracing multiply for jit in 0.000778198 sec
Compiling jit(multiply) with global shapes and types (ShapedArray(float64[1,1,23]), ShapedArray(float64[], weak_type=True)). Argument mapping: (UnspecifiedValue, UnspecifiedValue).
Finished jaxpr to MLIR module conversion jit(multiply) in 0.006191015 sec
Finished XLA compilation of jit(multiply) in 0.031425476 sec
Finished tracing true_divide for jit in 0.001330137 sec
Compiling jit(true_divide) with global shapes and types (ShapedArray(float64[1,1,23]), ShapedArray(int64[], weak_type=True)). Argument mapping: (UnspecifiedValue, UnspecifiedValue).
Finished jaxpr to MLIR module conversion jit(true_divide) in 0.007883549 sec
Finished XLA compilation of jit(true_divide) in 0.039377928 sec
Finished tracing stage for jit in 0.000223398 sec
Compiling jit(stage) with global shapes and types (ShapedArray(int32[]),). Argument mapping: (UnspecifiedValue,).
Finished jaxpr to MLIR module conversion jit(stage) in 0.004529476 sec
Finished XLA compilation of jit(stage) in 0.010914564 sec
Finished tracing cond for jit in 0.000468731 sec
Compiling jit(cond) with global shapes and types (ShapedArray(int32[]), ShapedArray(float64[1,1,23]), ShapedArray(float64[4,1,23])). Argument mapping: (UnspecifiedValue, UnspecifiedValue, UnspecifiedValue).
Finished jaxpr to MLIR module conversion jit(cond) in 0.011719465 sec
Finished XLA compilation of jit(cond) in 0.050446272 sec
Finished tracing convert_element_type for jit in 0.000371933 sec
Compiling jit(convert_element_type) with global shapes and types (ShapedArray(int64[]),). Argument mapping: (UnspecifiedValue,).
Finished jaxpr to MLIR module conversion jit(convert_element_type) in 0.004480124 sec
Finished XLA compilation of jit(convert_element_type) in 0.009243727 sec
Finished tracing iota for jit in 0.000501394 sec
Compiling jit(iota) with global shapes and types (). Argument mapping: ().
Finished jaxpr to MLIR module conversion jit(iota) in 0.004764080 sec
Finished XLA compilation of jit(iota) in 0.039245605 sec
Finished tracing add for jit in 0.001133204 sec
Compiling jit(add) with global shapes and types (ShapedArray(int64[]), ShapedArray(int64[499])). Argument mapping: (UnspecifiedValue, UnspecifiedValue).
Finished jaxpr to MLIR module conversion jit(add) in 0.007379532 sec
Finished XLA compilation of jit(add) in 0.027503729 sec
Finished tracing _take for jit in 0.005766630 sec
Compiling jit(_take) with global shapes and types (ShapedArray(float64[1,500,23]), ShapedArray(int64[499])). Argument mapping: (UnspecifiedValue, UnspecifiedValue).
Finished jaxpr to MLIR module conversion jit(_take) in 0.014734030 sec
Finished XLA compilation of jit(_take) in 0.059202671 sec
Finished tracing broadcast_in_dim for jit in 0.000710487 sec
Compiling jit(broadcast_in_dim) with global shapes and types (ShapedArray(float64[]),). Argument mapping: (UnspecifiedValue,).
Finished jaxpr to MLIR module conversion jit(broadcast_in_dim) in 0.006665945 sec
Finished XLA compilation of jit(broadcast_in_dim) in 0.039586782 sec
Finished tracing subtract for jit in 0.001289845 sec
Compiling jit(subtract) with global shapes and types (ShapedArray(float64[1,1,23]), ShapedArray(float64[1,499,23])). Argument mapping: (UnspecifiedValue, UnspecifiedValue).
Finished jaxpr to MLIR module conversion jit(subtract) in 0.005539417 sec
Finished XLA compilation of jit(subtract) in 0.051515102 sec
Finished tracing true_divide for jit in 0.001223564 sec
Compiling jit(true_divide) with global shapes and types (ShapedArray(float64[1,499,23]), ShapedArray(float64[1,1,23])). Argument mapping: (UnspecifiedValue, UnspecifiedValue).
Finished jaxpr to MLIR module conversion jit(true_divide) in 0.006069183 sec
Finished XLA compilation of jit(true_divide) in 0.054184198 sec
Finished tracing subtract for jit in 0.001930714 sec
Compiling jit(subtract) with global shapes and types (ShapedArray(float64[], weak_type=True), ShapedArray(float64[1,499,23])). Argument mapping: (UnspecifiedValue, UnspecifiedValue).
Finished jaxpr to MLIR module conversion jit(subtract) in 0.008682013 sec
Finished XLA compilation of jit(subtract) in 0.043967485 sec
Finished tracing concatenate for jit in 0.000514030 sec
Compiling jit(concatenate) with global shapes and types (ShapedArray(float64[1,1,23]), ShapedArray(float64[1,499,23])). Argument mapping: (UnspecifiedValue, UnspecifiedValue).
Finished jaxpr to MLIR module conversion jit(concatenate) in 0.004604578 sec
Finished XLA compilation of jit(concatenate) in 0.021190882 sec
Finished tracing _moveaxis for jit in 0.000740767 sec
Compiling jit(_moveaxis) with global shapes and types (ShapedArray(float64[1,500,23]),). Argument mapping: (UnspecifiedValue,).
Finished jaxpr to MLIR module conversion jit(_moveaxis) in 0.005737305 sec
Finished XLA compilation of jit(_moveaxis) in 0.054590225 sec
Finished tracing slice for jit in 0.000801086 sec
Compiling jit(slice) with global shapes and types (ShapedArray(float64[500,1,23]),). Argument mapping: (UnspecifiedValue,).
Finished jaxpr to MLIR module conversion jit(slice) in 0.007546663 sec
Finished XLA compilation of jit(slice) in 0.051645756 sec
Finished tracing slice for jit in 0.000739098 sec
Compiling jit(slice) with global shapes and types (ShapedArray(float64[500,1,23]),). Argument mapping: (UnspecifiedValue,).
Finished jaxpr to MLIR module conversion jit(slice) in 0.005875349 sec
Finished XLA compilation of jit(slice) in 0.051142216 sec
Finished tracing add for jit in 0.000931025 sec
Compiling jit(add) with global shapes and types (ShapedArray(float64[250,1,23]), ShapedArray(float64[250,1,23])). Argument mapping: (UnspecifiedValue, UnspecifiedValue).
Finished jaxpr to MLIR module conversion jit(add) in 0.006111860 sec
Finished XLA compilation of jit(add) in 0.064493418 sec
Finished tracing greater for jit in 0.000982761 sec
Compiling jit(greater) with global shapes and types (ShapedArray(float64[250,1,23]), ShapedArray(float64[], weak_type=True)). Argument mapping: (UnspecifiedValue, UnspecifiedValue).
Finished jaxpr to MLIR module conversion jit(greater) in 0.006396770 sec
Finished XLA compilation of jit(greater) in 0.050181389 sec
Finished tracing dynamic_slice for jit in 0.001003981 sec
Compiling jit(dynamic_slice) with global shapes and types (ShapedArray(bool[250,1,23]), ShapedArray(int64[], weak_type=True), ShapedArray(int64[], weak_type=True), ShapedArray(int64[], weak_type=True)). Argument mapping: (UnspecifiedValue, UnspecifiedValue, UnspecifiedValue, UnspecifiedValue).
Finished jaxpr to MLIR module conversion jit(dynamic_slice) in 0.008796215 sec
Finished XLA compilation of jit(dynamic_slice) in 0.036836386 sec
Finished tracing squeeze for jit in 0.000488758 sec
Compiling jit(squeeze) with global shapes and types (ShapedArray(bool[1,1,23]),). Argument mapping: (UnspecifiedValue,).
Finished jaxpr to MLIR module conversion jit(squeeze) in 0.004507780 sec
Finished XLA compilation of jit(squeeze) in 0.012559891 sec
Finished tracing convert_element_type for jit in 0.000573874 sec
Compiling jit(convert_element_type) with global shapes and types (ShapedArray(bool[]),). Argument mapping: (UnspecifiedValue,).
Finished jaxpr to MLIR module conversion jit(convert_element_type) in 0.005375624 sec
Finished XLA compilation of jit(convert_element_type) in 0.008016825 sec
Finished tracing broadcast_in_dim for jit in 0.000648975 sec
Compiling jit(broadcast_in_dim) with global shapes and types (ShapedArray(bool[]),). Argument mapping: (UnspecifiedValue,).
Finished jaxpr to MLIR module conversion jit(broadcast_in_dim) in 0.004392624 sec
Finished XLA compilation of jit(broadcast_in_dim) in 0.029476643 sec
Finished tracing broadcast_in_dim for jit in 0.000750303 sec
Compiling jit(broadcast_in_dim) with global shapes and types (ShapedArray(int64[]),). Argument mapping: (UnspecifiedValue,).
Finished jaxpr to MLIR module conversion jit(broadcast_in_dim) in 0.005951405 sec
Finished XLA compilation of jit(broadcast_in_dim) in 0.036773443 sec
Finished tracing scan for jit in 0.000598431 sec
Compiling jit(scan) with global shapes and types (ShapedArray(int64[], weak_type=True), ShapedArray(bool[1,23]), ShapedArray(int64[1,23]), ShapedArray(bool[250,1,23])). Argument mapping: (UnspecifiedValue, UnspecifiedValue, UnspecifiedValue, UnspecifiedValue).
Finished jaxpr to MLIR module conversion jit(scan) in 0.018528700 sec
Finished XLA compilation of jit(scan) in 0.084248781 sec
Finished tracing iota for jit in 0.000441313 sec
Compiling jit(iota) with global shapes and types (). Argument mapping: ().
Finished jaxpr to MLIR module conversion jit(iota) in 0.004469156 sec
Finished XLA compilation of jit(iota) in 0.010454655 sec
Finished tracing broadcast_in_dim for jit in 0.000500202 sec
Compiling jit(broadcast_in_dim) with global shapes and types (ShapedArray(int64[1]),). Argument mapping: (UnspecifiedValue,).
Finished jaxpr to MLIR module conversion jit(broadcast_in_dim) in 0.004363537 sec
Finished XLA compilation of jit(broadcast_in_dim) in 0.032190323 sec
Finished tracing iota for jit in 0.000915766 sec
Compiling jit(iota) with global shapes and types (). Argument mapping: ().
Finished jaxpr to MLIR module conversion jit(iota) in 0.007626057 sec
Finished XLA compilation of jit(iota) in 0.047739029 sec
Finished tracing broadcast_in_dim for jit in 0.000900984 sec
Compiling jit(broadcast_in_dim) with global shapes and types (ShapedArray(int64[23]),). Argument mapping: (UnspecifiedValue,).
Finished jaxpr to MLIR module conversion jit(broadcast_in_dim) in 0.007303238 sec
Finished XLA compilation of jit(broadcast_in_dim) in 0.015800238 sec
Finished tracing stack for jit in 0.000717640 sec
Compiling jit(stack) with global shapes and types (ShapedArray(int64[1,23]), ShapedArray(int64[1,23])). Argument mapping: (UnspecifiedValue, UnspecifiedValue).
Finished jaxpr to MLIR module conversion jit(stack) in 0.005861521 sec
Finished XLA compilation of jit(stack) in 0.032813311 sec
Finished tracing add for jit in 0.000843525 sec
Compiling jit(add) with global shapes and types (ShapedArray(int64[1,23]), ShapedArray(int64[], weak_type=True)). Argument mapping: (UnspecifiedValue, UnspecifiedValue).
Finished jaxpr to MLIR module conversion jit(add) in 0.005275249 sec
Finished XLA compilation of jit(add) in 0.039243460 sec
Finished tracing dynamic_slice for jit in 0.001358271 sec
Compiling jit(dynamic_slice) with global shapes and types (ShapedArray(int64[2,1,23]), ShapedArray(int64[], weak_type=True), ShapedArray(int64[], weak_type=True), ShapedArray(int64[], weak_type=True)). Argument mapping: (UnspecifiedValue, UnspecifiedValue, UnspecifiedValue, UnspecifiedValue).
Finished jaxpr to MLIR module conversion jit(dynamic_slice) in 0.009066343 sec
Finished XLA compilation of jit(dynamic_slice) in 0.036804199 sec
Finished tracing squeeze for jit in 0.000465393 sec
Compiling jit(squeeze) with global shapes and types (ShapedArray(int64[1,1,23]),). Argument mapping: (UnspecifiedValue,).
Finished jaxpr to MLIR module conversion jit(squeeze) in 0.004492283 sec
Finished XLA compilation of jit(squeeze) in 0.010850906 sec
Finished tracing broadcast_in_dim for jit in 0.000458956 sec
Compiling jit(broadcast_in_dim) with global shapes and types (ShapedArray(float64[]),). Argument mapping: (UnspecifiedValue,).
Finished jaxpr to MLIR module conversion jit(broadcast_in_dim) in 0.004290819 sec
Finished XLA compilation of jit(broadcast_in_dim) in 0.026687384 sec
Finished tracing _where for jit in 0.001383781 sec
Compiling jit(_where) with global shapes and types (ShapedArray(bool[250,1,23]), ShapedArray(float64[250,1,23]), ShapedArray(float64[250,1,23])). Argument mapping: (UnspecifiedValue, UnspecifiedValue, UnspecifiedValue).
Finished jaxpr to MLIR module conversion jit(_where) in 0.004680872 sec
Finished XLA compilation of jit(_where) in 0.062276602 sec
Finished tracing less for jit in 0.001930714 sec
Compiling jit(less) with global shapes and types (ShapedArray(int64[1,23]), ShapedArray(int64[], weak_type=True)). Argument mapping: (UnspecifiedValue, UnspecifiedValue).
Finished jaxpr to MLIR module conversion jit(less) in 0.007957697 sec
Finished XLA compilation of jit(less) in 0.042048931 sec
Finished tracing add for jit in 0.000734091 sec
Compiling jit(add) with global shapes and types (ShapedArray(int64[1,23]), ShapedArray(int64[])). Argument mapping: (UnspecifiedValue, UnspecifiedValue).
Finished jaxpr to MLIR module conversion jit(add) in 0.008687019 sec
Finished XLA compilation of jit(add) in 0.036695957 sec
Finished tracing select_n for jit in 0.000641346 sec
Compiling jit(select_n) with global shapes and types (ShapedArray(bool[1,23]), ShapedArray(int64[1,23]), ShapedArray(int64[1,23])). Argument mapping: (UnspecifiedValue, UnspecifiedValue, UnspecifiedValue).
Finished jaxpr to MLIR module conversion jit(select_n) in 0.007626057 sec
Finished XLA compilation of jit(select_n) in 0.056447506 sec
Finished tracing _broadcast_arrays for jit in 0.000676632 sec
Compiling jit(_broadcast_arrays) with global shapes and types (ShapedArray(int64[1,23]), ShapedArray(int64[1,23]), ShapedArray(int64[1,23])). Argument mapping: (UnspecifiedValue, UnspecifiedValue, UnspecifiedValue).
Finished jaxpr to MLIR module conversion jit(_broadcast_arrays) in 0.008280993 sec
Finished XLA compilation of jit(_broadcast_arrays) in 0.013904095 sec
Finished tracing convert_element_type for jit in 0.000576019 sec
Compiling jit(convert_element_type) with global shapes and types (ShapedArray(int64[1,23]),). Argument mapping: (UnspecifiedValue,).
Finished jaxpr to MLIR module conversion jit(convert_element_type) in 0.005232334 sec
Finished XLA compilation of jit(convert_element_type) in 0.041653156 sec
Finished tracing broadcast_in_dim for jit in 0.000842333 sec
Compiling jit(broadcast_in_dim) with global shapes and types (ShapedArray(int32[1,23]),). Argument mapping: (UnspecifiedValue,).
Finished jaxpr to MLIR module conversion jit(broadcast_in_dim) in 0.007516146 sec
Finished XLA compilation of jit(broadcast_in_dim) in 0.013647556 sec
Finished tracing concatenate for jit in 0.001243830 sec
Compiling jit(concatenate) with global shapes and types (ShapedArray(int32[1,23,1]), ShapedArray(int32[1,23,1]), ShapedArray(int32[1,23,1])). Argument mapping: (UnspecifiedValue, UnspecifiedValue, UnspecifiedValue).
Finished jaxpr to MLIR module conversion jit(concatenate) in 0.006935596 sec
Finished XLA compilation of jit(concatenate) in 0.035741329 sec
Finished tracing gather for jit in 0.000995636 sec
Compiling jit(gather) with global shapes and types (ShapedArray(float64[250,1,23]), ShapedArray(int32[1,23,3])). Argument mapping: (UnspecifiedValue, UnspecifiedValue).
Finished jaxpr to MLIR module conversion jit(gather) in 0.006301165 sec
Finished XLA compilation of jit(gather) in 0.053328037 sec
Finished tracing broadcast_in_dim for jit in 0.000710487 sec
Compiling jit(broadcast_in_dim) with global shapes and types (ShapedArray(float64[1,23]),). Argument mapping: (UnspecifiedValue,).
Finished jaxpr to MLIR module conversion jit(broadcast_in_dim) in 0.007215500 sec
Finished XLA compilation of jit(broadcast_in_dim) in 0.014300585 sec
Finished tracing greater for jit in 0.001106501 sec
Compiling jit(greater) with global shapes and types (ShapedArray(float64[1,23]), ShapedArray(int64[], weak_type=True)). Argument mapping: (UnspecifiedValue, UnspecifiedValue).
Finished jaxpr to MLIR module conversion jit(greater) in 0.006070614 sec
Finished XLA compilation of jit(greater) in 0.035197735 sec
Finished tracing _squeeze for jit in 0.000432491 sec
Compiling jit(_squeeze) with global shapes and types (ShapedArray(bool[1,23]),). Argument mapping: (UnspecifiedValue,).
Finished jaxpr to MLIR module conversion jit(_squeeze) in 0.006292343 sec
Finished XLA compilation of jit(_squeeze) in 0.010762691 sec
Finished tracing scatter for jit in 0.000719547 sec
Compiling jit(scatter) with global shapes and types (ShapedArray(bool[250,1,23]), ShapedArray(int32[1,23,3]), ShapedArray(bool[1,23])). Argument mapping: (UnspecifiedValue, UnspecifiedValue, UnspecifiedValue).
Finished jaxpr to MLIR module conversion jit(scatter) in 0.006340265 sec
Finished XLA compilation of jit(scatter) in 0.038249493 sec
Finished tracing dynamic_slice for jit in 0.001157045 sec
Compiling jit(dynamic_slice) with global shapes and types (ShapedArray(float64[250,1,23]), ShapedArray(int64[], weak_type=True), ShapedArray(int64[], weak_type=True), ShapedArray(int64[], weak_type=True)). Argument mapping: (UnspecifiedValue, UnspecifiedValue, UnspecifiedValue, UnspecifiedValue).
Finished jaxpr to MLIR module conversion jit(dynamic_slice) in 0.006867647 sec
Finished XLA compilation of jit(dynamic_slice) in 0.044189453 sec
Finished tracing squeeze for jit in 0.001078129 sec
Compiling jit(squeeze) with global shapes and types (ShapedArray(float64[1,1,23]),). Argument mapping: (UnspecifiedValue,).
Finished jaxpr to MLIR module conversion jit(squeeze) in 0.008633852 sec
Finished XLA compilation of jit(squeeze) in 0.013440132 sec
Finished tracing scan for jit in 0.000667810 sec
Compiling jit(scan) with global shapes and types (ShapedArray(float64[1,23]), ShapedArray(float64[250,1,23])). Argument mapping: (UnspecifiedValue, UnspecifiedValue).
Finished jaxpr to MLIR module conversion jit(scan) in 0.019680500 sec
Finished XLA compilation of jit(scan) in 0.081761837 sec
Finished tracing true_divide for jit in 0.001378536 sec
Compiling jit(true_divide) with global shapes and types (ShapedArray(float64[250,1,23]), ShapedArray(float64[], weak_type=True)). Argument mapping: (UnspecifiedValue, UnspecifiedValue).
Finished jaxpr to MLIR module conversion jit(true_divide) in 0.008487701 sec
Finished XLA compilation of jit(true_divide) in 0.049129725 sec
Finished tracing _reduce_sum for jit in 0.002381563 sec
Compiling jit(_reduce_sum) with global shapes and types (ShapedArray(float64[250,1,23]),). Argument mapping: (UnspecifiedValue,).
Finished jaxpr to MLIR module conversion jit(_reduce_sum) in 0.008144140 sec
Finished XLA compilation of jit(_reduce_sum) in 0.012153625 sec
Finished tracing multiply for jit in 0.000808477 sec
Compiling jit(multiply) with global shapes and types (ShapedArray(float64[], weak_type=True), ShapedArray(float64[1,23])). Argument mapping: (UnspecifiedValue, UnspecifiedValue).
Finished jaxpr to MLIR module conversion jit(multiply) in 0.005599022 sec
Finished XLA compilation of jit(multiply) in 0.033745050 sec
Finished tracing add for jit in 0.001523495 sec
Compiling jit(add) with global shapes and types (ShapedArray(float64[], weak_type=True), ShapedArray(float64[1,23])). Argument mapping: (UnspecifiedValue, UnspecifiedValue).
Finished jaxpr to MLIR module conversion jit(add) in 0.009419680 sec
Finished XLA compilation of jit(add) in 0.040992498 sec
Finished tracing subtract for jit in 0.000829935 sec
Compiling jit(subtract) with global shapes and types (ShapedArray(float64[1,23]), ShapedArray(float64[1,23])). Argument mapping: (UnspecifiedValue, UnspecifiedValue).
Finished jaxpr to MLIR module conversion jit(subtract) in 0.005621910 sec
Finished XLA compilation of jit(subtract) in 0.056607008 sec
Finished tracing maximum for jit in 0.001005411 sec
Compiling jit(maximum) with global shapes and types (ShapedArray(float64[1,23]), ShapedArray(float64[])). Argument mapping: (UnspecifiedValue, UnspecifiedValue).
Finished jaxpr to MLIR module conversion jit(maximum) in 0.006141901 sec
Finished XLA compilation of jit(maximum) in 0.046029329 sec
Finished tracing true_divide for jit in 0.001445532 sec
Compiling jit(true_divide) with global shapes and types (ShapedArray(int64[], weak_type=True), ShapedArray(float64[1,23])). Argument mapping: (UnspecifiedValue, UnspecifiedValue).
Finished jaxpr to MLIR module conversion jit(true_divide) in 0.008130550 sec
Finished XLA compilation of jit(true_divide) in 0.042581081 sec
Finished tracing _squeeze for jit in 0.000488997 sec
Compiling jit(_squeeze) with global shapes and types (ShapedArray(float64[1,23]),). Argument mapping: (UnspecifiedValue,).
Finished jaxpr to MLIR module conversion jit(_squeeze) in 0.005907774 sec
Finished XLA compilation of jit(_squeeze) in 0.011966228 sec
Finished tracing _var for jit in 0.005244255 sec
Compiling jit(_var) with global shapes and types (ShapedArray(float64[4,500,23]), ShapedArray(int64[], weak_type=True)). Argument mapping: (UnspecifiedValue, UnspecifiedValue).
Finished jaxpr to MLIR module conversion jit(_var) in 0.009534121 sec
Finished XLA compilation of jit(_var) in 0.066468716 sec
Compiling jit(_var) with global shapes and types (ShapedArray(float64[4,1,23]), ShapedArray(int64[], weak_type=True)). Argument mapping: (UnspecifiedValue, UnspecifiedValue).
Finished jaxpr to MLIR module conversion jit(_var) in 0.014733076 sec
Finished XLA compilation of jit(_var) in 0.056560993 sec
Finished tracing multiply for jit in 0.002044201 sec
Compiling jit(multiply) with global shapes and types (ShapedArray(int64[], weak_type=True), ShapedArray(float64[1,1,23])). Argument mapping: (UnspecifiedValue, UnspecifiedValue).
Finished jaxpr to MLIR module conversion jit(multiply) in 0.009710312 sec
Finished XLA compilation of jit(multiply) in 0.041588068 sec
Finished tracing _mean for jit in 0.001221895 sec
Compiling jit(_mean) with global shapes and types (ShapedArray(float64[4,1,23]),). Argument mapping: (UnspecifiedValue,).
Finished jaxpr to MLIR module conversion jit(_mean) in 0.006630182 sec
Finished XLA compilation of jit(_mean) in 0.043734312 sec
Finished tracing true_divide for jit in 0.001301289 sec
Compiling jit(true_divide) with global shapes and types (ShapedArray(float64[1,1,23]), ShapedArray(float64[1,1,23])). Argument mapping: (UnspecifiedValue, UnspecifiedValue).
Finished jaxpr to MLIR module conversion jit(true_divide) in 0.007812977 sec
Finished XLA compilation of jit(true_divide) in 0.052118063 sec
Finished tracing add for jit in 0.001046419 sec
Compiling jit(add) with global shapes and types (ShapedArray(float64[1,1,23]), ShapedArray(int64[], weak_type=True)). Argument mapping: (UnspecifiedValue, UnspecifiedValue).
Finished jaxpr to MLIR module conversion jit(add) in 0.006066322 sec
Finished XLA compilation of jit(add) in 0.042255878 sec
Finished tracing subtract for jit in 0.001025438 sec
Compiling jit(subtract) with global shapes and types (ShapedArray(float64[1,1,23]), ShapedArray(int64[], weak_type=True)). Argument mapping: (UnspecifiedValue, UnspecifiedValue).
Finished jaxpr to MLIR module conversion jit(subtract) in 0.006292105 sec
Finished XLA compilation of jit(subtract) in 0.041380644 sec
Finished tracing sqrt for jit in 0.000835896 sec
Compiling jit(sqrt) with global shapes and types (ShapedArray(float64[1,1,23]),). Argument mapping: (UnspecifiedValue,).
Finished jaxpr to MLIR module conversion jit(sqrt) in 0.009299040 sec
Finished XLA compilation of jit(sqrt) in 0.051497698 sec
Finished tracing _squeeze for jit in 0.000655413 sec
Compiling jit(_squeeze) with global shapes and types (ShapedArray(float64[1,1,23]),). Argument mapping: (UnspecifiedValue,).
Finished jaxpr to MLIR module conversion jit(_squeeze) in 0.005791664 sec
Finished XLA compilation of jit(_squeeze) in 0.013539314 sec
Finished tracing _reduce_max for jit in 0.001071930 sec
Compiling jit(_reduce_max) with global shapes and types (ShapedArray(float64[23]),). Argument mapping: (UnspecifiedValue,).
Finished jaxpr to MLIR module conversion jit(_reduce_max) in 0.005588055 sec
Finished XLA compilation of jit(_reduce_max) in 0.036044598 sec
Finished tracing dynamic_slice for jit in 0.001391888 sec
Compiling jit(dynamic_slice) with global shapes and types (ShapedArray(float64[4,500,23]), ShapedArray(int64[], weak_type=True), ShapedArray(int64[], weak_type=True), ShapedArray(int64[], weak_type=True)). Argument mapping: (UnspecifiedValue, UnspecifiedValue, UnspecifiedValue, UnspecifiedValue).
Finished jaxpr to MLIR module conversion jit(dynamic_slice) in 0.007911444 sec
Finished XLA compilation of jit(dynamic_slice) in 0.049474716 sec
Finished tracing squeeze for jit in 0.000720263 sec
Compiling jit(squeeze) with global shapes and types (ShapedArray(float64[4,500,1]),). Argument mapping: (UnspecifiedValue,).
Finished jaxpr to MLIR module conversion jit(squeeze) in 0.006006479 sec
Finished XLA compilation of jit(squeeze) in 0.016138077 sec
Finished tracing exp for jit in 0.000861883 sec
Compiling jit(exp) with global shapes and types (ShapedArray(float64[4,500]),). Argument mapping: (UnspecifiedValue,).
Finished jaxpr to MLIR module conversion jit(exp) in 0.006669044 sec
Finished XLA compilation of jit(exp) in 0.056159019 sec
Finished tracing convert_element_type for jit in 0.000427485 sec
Compiling jit(convert_element_type) with global shapes and types (ShapedArray(int32[]),). Argument mapping: (UnspecifiedValue,).
Finished jaxpr to MLIR module conversion jit(convert_element_type) in 0.006959677 sec
Finished XLA compilation of jit(convert_element_type) in 0.014420986 sec
Finished tracing broadcast_in_dim for jit in 0.000419855 sec
Compiling jit(broadcast_in_dim) with global shapes and types (ShapedArray(int32[]),). Argument mapping: (UnspecifiedValue,).
Finished jaxpr to MLIR module conversion jit(broadcast_in_dim) in 0.005806684 sec
Finished XLA compilation of jit(broadcast_in_dim) in 0.008763075 sec
Finished tracing _squeeze for jit in 0.000266552 sec
Compiling jit(_squeeze) with global shapes and types (ShapedArray(float64[4,500]),). Argument mapping: (UnspecifiedValue,).
Finished jaxpr to MLIR module conversion jit(_squeeze) in 0.004456520 sec
Finished XLA compilation of jit(_squeeze) in 0.008223534 sec
Finished tracing scatter for jit in 0.000601292 sec
Compiling jit(scatter) with global shapes and types (ShapedArray(float64[4,500,23]), ShapedArray(int32[1]), ShapedArray(float64[4,500])). Argument mapping: (UnspecifiedValue, UnspecifiedValue, UnspecifiedValue).
Finished jaxpr to MLIR module conversion jit(scatter) in 0.005543947 sec
Finished XLA compilation of jit(scatter) in 0.044268370 sec
Finished tracing reshape for jit in 0.000540972 sec
Compiling jit(reshape) with global shapes and types (ShapedArray(float64[4,500,23]),). Argument mapping: (UnspecifiedValue,).
Finished jaxpr to MLIR module conversion jit(reshape) in 0.004973173 sec
Finished XLA compilation of jit(reshape) in 0.012205601 sec
Finished tracing _mean for jit in 0.002872467 sec
Compiling jit(_mean) with global shapes and types (ShapedArray(float64[4,500]),). Argument mapping: (UnspecifiedValue,).
Finished jaxpr to MLIR module conversion jit(_mean) in 0.006384134 sec
Finished XLA compilation of jit(_mean) in 0.052147150 sec
Finished tracing _reduce_min for jit in 0.000957489 sec
Compiling jit(_reduce_min) with global shapes and types (ShapedArray(float64[23]),). Argument mapping: (UnspecifiedValue,).
Finished jaxpr to MLIR module conversion jit(_reduce_min) in 0.004907846 sec
Finished XLA compilation of jit(_reduce_min) in 0.034689188 sec
Finished tracing _reduce_sum for jit in 0.002536535 sec
Compiling jit(_reduce_sum) with global shapes and types (ShapedArray(bool[4,500]),). Argument mapping: (UnspecifiedValue,).
Finished jaxpr to MLIR module conversion jit(_reduce_sum) in 0.009076595 sec
Finished XLA compilation of jit(_reduce_sum) in 0.055840254 sec
Finished tracing stage for jit in 0.000327587 sec
Compiling jit(stage) with global shapes and types (ShapedArray(float64[23]),). Argument mapping: (UnspecifiedValue,).
Finished jaxpr to MLIR module conversion jit(stage) in 0.004851103 sec
Finished XLA compilation of jit(stage) in 0.007945299 sec
Finished tracing dynamic_slice for jit in 0.000495195 sec
Compiling jit(dynamic_slice) with global shapes and types (ShapedArray(float64[23]), ShapedArray(int64[], weak_type=True)). Argument mapping: (UnspecifiedValue, UnspecifiedValue).
Finished jaxpr to MLIR module conversion jit(dynamic_slice) in 0.004566193 sec
Finished XLA compilation of jit(dynamic_slice) in 0.022287846 sec
Finished tracing dynamic_slice for jit in 0.000474691 sec
Compiling jit(dynamic_slice) with global shapes and types (ShapedArray(float64[23]), ShapedArray(int64[], weak_type=True)). Argument mapping: (UnspecifiedValue, UnspecifiedValue).
Finished jaxpr to MLIR module conversion jit(dynamic_slice) in 0.004714966 sec
Finished XLA compilation of jit(dynamic_slice) in 0.033890724 sec
Finished tracing log_likelihood for jit in 0.007136822 sec
Compiling jit(log_likelihood) with global shapes and types (ShapedArray(float64[12]), ShapedArray(float64[5616]), ShapedArray(float64[11,5616])). Argument mapping: (UnspecifiedValue, UnspecifiedValue, UnspecifiedValue).
Finished jaxpr to MLIR module conversion jit(log_likelihood) in 0.011582613 sec
Finished XLA compilation of jit(log_likelihood) in 0.061569214 sec
Finished tracing neg for jit in 0.043345213 sec
Compiling jit(neg) with global shapes and types (ShapedArray(float64[12]), ShapedArray(float64[5616]), ShapedArray(float64[11,5616])). Argument mapping: (UnspecifiedValue, UnspecifiedValue, UnspecifiedValue).
Finished jaxpr to MLIR module conversion jit(neg) in 0.024357080 sec
Finished XLA compilation of jit(neg) in 0.101762056 sec
Compiling jit(exp) with global shapes and types (ShapedArray(float64[]),). Argument mapping: (UnspecifiedValue,).
Finished jaxpr to MLIR module conversion jit(exp) in 0.004459620 sec
Finished XLA compilation of jit(exp) in 0.044007778 sec
Compiling jit(_squeeze) with global shapes and types (ShapedArray(float64[]),). Argument mapping: (UnspecifiedValue,).
Finished jaxpr to MLIR module conversion jit(_squeeze) in 0.006573439 sec
Finished XLA compilation of jit(_squeeze) in 0.013763189 sec
Finished tracing scatter for jit in 0.000484705 sec
Compiling jit(scatter) with global shapes and types (ShapedArray(float64[12]), ShapedArray(int32[1]), ShapedArray(float64[])). Argument mapping: (UnspecifiedValue, UnspecifiedValue, UnspecifiedValue).
Finished jaxpr to MLIR module conversion jit(scatter) in 0.005468130 sec
Finished XLA compilation of jit(scatter) in 0.035431623 sec
Compiling jit(log_likelihood) with global shapes and types (ShapedArray(float64[23]), ShapedArray(float64[5616]), ShapedArray(float64[11,5616])). Argument mapping: (UnspecifiedValue, UnspecifiedValue, UnspecifiedValue).
Finished jaxpr to MLIR module conversion jit(log_likelihood) in 0.011244059 sec
Finished XLA compilation of jit(log_likelihood) in 0.066713095 sec
Finished tracing neg for jit in 0.011987925 sec
Compiling jit(neg) with global shapes and types (ShapedArray(float64[23]), ShapedArray(float64[5616]), ShapedArray(float64[11,5616])). Argument mapping: (UnspecifiedValue, UnspecifiedValue, UnspecifiedValue).
Finished jaxpr to MLIR module conversion jit(neg) in 0.026166677 sec
Finished XLA compilation of jit(neg) in 0.130733728 sec
Finished tracing scatter for jit in 0.000412464 sec
Compiling jit(scatter) with global shapes and types (ShapedArray(float64[23]), ShapedArray(int32[1]), ShapedArray(float64[])). Argument mapping: (UnspecifiedValue, UnspecifiedValue, UnspecifiedValue).
Finished jaxpr to MLIR module conversion jit(scatter) in 0.004930973 sec
Finished XLA compilation of jit(scatter) in 0.035922289 sec
Finished tracing stage for jit in 0.000289917 sec
Compiling jit(stage) with global shapes and types (ShapedArray(float64[1,5616]),). Argument mapping: (UnspecifiedValue,).
Finished jaxpr to MLIR module conversion jit(stage) in 0.003791809 sec
Finished XLA compilation of jit(stage) in 0.014076233 sec
Finished tracing one for jit in 1.143054008 sec
Compiling jit(one) with global shapes and types (ShapedArray(float64[1,5616]), ShapedArray(float64[11,5616])). Argument mapping: (UnspecifiedValue, UnspecifiedValue).
Finished jaxpr to MLIR module conversion jit(one) in 0.197909117 sec
Finished XLA compilation of jit(one) in 0.989142895 sec
Finished tracing stage for jit in 0.000749588 sec
Compiling jit(stage) with global shapes and types (ShapedArray(float64[30]),). Argument mapping: (UnspecifiedValue,).
Finished jaxpr to MLIR module conversion jit(stage) in 0.005999804 sec
Finished XLA compilation of jit(stage) in 0.018712521 sec
Finished tracing stage for jit in 0.000323534 sec
Compiling jit(stage) with global shapes and types (ShapedArray(float64[11,11]),). Argument mapping: (UnspecifiedValue,).
Finished jaxpr to MLIR module conversion jit(stage) in 0.005584478 sec
Finished XLA compilation of jit(stage) in 0.007841349 sec
Finished tracing stage for jit in 0.000287771 sec
Compiling jit(stage) with global shapes and types (ShapedArray(float64[11,11,30]),). Argument mapping: (UnspecifiedValue,).
Finished jaxpr to MLIR module conversion jit(stage) in 0.004134178 sec
Finished XLA compilation of jit(stage) in 0.009386063 sec
Finished tracing _einsum for jit in 1.753376007 sec
Compiling jit(_einsum) with global shapes and types (ShapedArray(float64[11,11]), ShapedArray(float64[11,11,30])). Argument mapping: (UnspecifiedValue, UnspecifiedValue).
Finished jaxpr to MLIR module conversion jit(_einsum) in 0.004808426 sec
Finished XLA compilation of jit(_einsum) in 0.086466074 sec
Finished tracing subtract for jit in 0.001938820 sec
Compiling jit(subtract) with global shapes and types (ShapedArray(float64[30]), ShapedArray(float64[30])). Argument mapping: (UnspecifiedValue, UnspecifiedValue).
Finished jaxpr to MLIR module conversion jit(subtract) in 0.006306410 sec
Finished XLA compilation of jit(subtract) in 0.055443525 sec
Finished tracing add for jit in 0.002072573 sec
Compiling jit(add) with global shapes and types (ShapedArray(float64[], weak_type=True), ShapedArray(float64[30])). Argument mapping: (UnspecifiedValue, UnspecifiedValue).
Finished jaxpr to MLIR module conversion jit(add) in 0.007555246 sec
Finished XLA compilation of jit(add) in 0.045567036 sec
Finished tracing true_divide for jit in 0.001831532 sec
Compiling jit(true_divide) with global shapes and types (ShapedArray(float64[30]), ShapedArray(float64[30])). Argument mapping: (UnspecifiedValue, UnspecifiedValue).
Finished jaxpr to MLIR module conversion jit(true_divide) in 0.007155895 sec
Finished XLA compilation of jit(true_divide) in 0.055140495 sec
