Progressive study: 3 k-values × 3 modes × 5 mocks = 45 MCMC runs

--- k=1  mode=additive ---
  [1/45] mock 0 ...
  [2/45] mock 1 ...
  [3/45] mock 2 ...
  [4/45] mock 3 ...
  [5/45] mock 4 ...

--- k=1  mode=multiplicative ---
  [6/45] mock 0 ...
  [7/45] mock 1 ...
  [8/45] mock 2 ...
  [9/45] mock 3 ...
  [10/45] mock 4 ...

--- k=1  mode=combined ---
  [11/45] mock 0 ...
  [12/45] mock 1 ...
  [13/45] mock 2 ...
  [14/45] mock 3 ...
  [15/45] mock 4 ...

--- k=2  mode=additive ---
  [16/45] mock 0 ...
  [17/45] mock 1 ...
  [18/45] mock 2 ...
  [19/45] mock 3 ...
  [20/45] mock 4 ...

--- k=2  mode=multiplicative ---
  [21/45] mock 0 ...
  [22/45] mock 1 ...
  [23/45] mock 2 ...
  [24/45] mock 3 ...
  [25/45] mock 4 ...

--- k=2  mode=combined ---
  [26/45] mock 0 ...
  [27/45] mock 1 ...
  [28/45] mock 2 ...
  [29/45] mock 3 ...
  [30/45] mock 4 ...

--- k=3  mode=additive ---
  [31/45] mock 0 ...
  [32/45] mock 1 ...
  [33/45] mock 2 ...
  [34/45] mock 3 ...
  [35/45] mock 4 ...

--- k=3  mode=multiplicative ---
  [36/45] mock 0 ...
  [37/45] mock 1 ...
  [38/45] mock 2 ...
  [39/45] mock 3 ...
  [40/45] mock 4 ...

--- k=3  mode=combined ---
  [41/45] mock 0 ...
  [42/45] mock 1 ...
  [43/45] mock 2 ...
  [44/45] mock 3 ...
  [45/45] mock 4 ...

Generating figures ...
  Saved /bettik/PROJECTS/pr-orphans/comparaj/sys_mapping_benchmark/results/results_pages/20260915r/progressive/progressive_snr_grid.png
  Saved /bettik/PROJECTS/pr-orphans/comparaj/sys_mapping_benchmark/results/results_pages/20260915r/progressive/progressive_lrt_summary.png
  Saved /bettik/PROJECTS/pr-orphans/comparaj/sys_mapping_benchmark/results/results_pages/20260915r/progressive/progressive_detection_rates.png

=== Summary ===
  k=1 additive      : LRT correct=20%  TP=1.00  FP=0.20  median λ=27.8
  k=1 multiplicative: LRT correct=100%  TP=1.00  FP=0.33  median λ=30.9
  k=1 combined      : LRT correct=100%  TP=1.00  FP=0.53  median λ=40.6
  k=2 additive      : LRT correct=0%  TP=1.00  FP=0.80  median λ=35.8
  k=2 multiplicative: LRT correct=100%  TP=0.90  FP=0.60  median λ=540.7
  k=2 combined      : LRT correct=100%  TP=1.00  FP=0.90  median λ=523.1
  k=3 additive      : LRT correct=20%  TP=1.00  FP=0.40  median λ=57.7
  k=3 multiplicative: LRT correct=100%  TP=0.87  FP=0.20  median λ=986.9
  k=3 combined      : LRT correct=100%  TP=1.00  FP=0.40  median λ=729.2
  median time per mock: MCMC-add 0.10 s, MCMC-comb 8.3 s

All results written to /bettik/PROJECTS/pr-orphans/comparaj/sys_mapping_benchmark/results/results_pages/20260915r/progressive
